// Vitest Snapshot v1, https://vitest.dev/guide/snapshot.html

exports[`server wildcard rule > serves index.html 1`] = `
"<!DOCTYPE html>
<html lang=\\"en\\">
  <head>
    <meta charset=\\"UTF-8\\" />
    <title>React and web APIs!</title>
    <script type=\\"module\\" crossorigin src=\\"/assets/index-20551c5d.js\\"></script>
  </head>
  <body>
    <div id=\\"app\\"></div>
    
  </body>
</html>
"
`;
